error: argument never used
 --> tests/ui/printdoc-extra-arg.rs:4:19
  |
4 |     printdoc!("", 0);
  |               --  ^ argument never used
  |               |
  |               formatting specifier missing
  |
help: format specifiers use curly braces, consider adding a format specifier
  |
4 |     printdoc!("{}", 0);
  |                ++
